// Jest Snapshot v1, https://goo.gl/fbAQLP

exports[`category actions editCategory returns an EDIT_CATEGORY action 1`] = `
Object {
  "id": "1a1eb070-d55a-4bb9-a094-6529633e0fa0",
  "name": "categoryName",
  "type": "EDIT_CATEGORY",
}
`;
