// Jest Snapshot v1, https://goo.gl/fbAQLP

exports[`log actions startLogEntry returns a START_LOG_ENTRY action 1`] = `
Object {
  "categoryId": "864df9b8-8885-4285-8ee1-426f8b8e7abf",
  "type": "START_LOG_ENTRY",
}
`;
